[LOG] System::create                           : Header version = 2.02.34. Current version = 2.02.34.
[LOG] SystemI::setOutputInternal               : Setting output to 'FMOD WASAPI Output'
[LOG] Manager::init                            : maxchannels = 256 studioflags = 00000006 flags 00000000 extradriverdata 0000000000000000.
[LOG] SystemI::init                            : Initialize version=20234 (162566), maxchannels=256, flags=0x00020000
[LOG] OutputWASAPI::init                       : Mix Format (WAVEFORMATEX): wFormatTag=0xFFFE, nChannels=2, nSamplesPerSec=48000, nAvgBytesPerSec=384000, nBlockAlign=8, wBitsPerSample=32, cbSize=22.
[LOG] OutputWASAPI::init                       : Mix Format (WAVEFORMATEXTENSIBLE): wValidBitsPerSample=32, dwChannelMask=0x00000003, SubFormat=00000003-0000-0010-8000-00AA00389B71.
[LOG] OutputWASAPI::init                       : Output buffer size: 4096 samples, latency: 0.00ms, period: 10.00ms, DSP buffer: 1024 * 4
[LOG] Thread::initThread                       : Init FMOD stream thread. Affinity: 0x4000000000000003, Priority: 0xFFFF7FFB, Stack Size: 98304, Semaphore: No, Sleep Time: 10, Looping: Yes.
[LOG] Thread::initThread                       : Init FMOD mixer thread. Affinity: 0x4000000000000001, Priority: 0xFFFF7FFA, Stack Size: 81920, Semaphore: No, Sleep Time: 0, Looping: Yes.
[LOG] AsyncManager::init                       : manager 0000028E25F19F38 isAsync 0 updatePeriod 0.02
[LOG] AsyncManager::init                       : done
[LOG] PlaybackSystem::init                     : 
[LOG] Thread::initThread                       : Init FMOD Studio sample load thread. Affinity: 0x4000000000000003, Priority: 0xFFFF7FFD, Stack Size: 98304, Semaphore: No, Sleep Time: 1, Looping: No.
[LOG] PlaybackSystem::init                     : done
[LOG] Thread::initThread                       : Init FMOD Studio bank load thread. Affinity: 0x4000000000000003, Priority: 0xFFFF7FFD, Stack Size: 98304, Semaphore: No, Sleep Time: 1, Looping: No.
[LOG] Manager::init                            : done.
[LOG] SoundI::release                          : 635303__marianasmora8__burbujas-electronicas2 (0000028D665DF0C8)
[LOG] SoundI::release                          :     635303__marianasmora8__burbujas-electronicas2 (0000028E380C9E58)
[LOG] SoundI::release                          :     635303__marianasmora8__burbujas-electronicas2 (0000028E37E54C68)
[LOG] SystemI::createSound                     : filename = ../../../../Desktop/Trabajos/carrera ingenieria/7semestre/audio2/diseño sonoro/Examples/Build/Desktop/Master.bank : mode 02010082
[LOG] SystemI::createSound                     : FMOD_NONBLOCKING specified.  Putting into queue to be opened asynchronously!
[LOG] AsyncThread::add                         : add sound to async queue : soundi = 0000028E261BD238, queue head = 0000028E33E7E568, queue count = 0
[LOG] SystemI::createSound                     : filename = ../../../../Desktop/Trabajos/carrera ingenieria/7semestre/audio2/diseño sonoro/Examples/Build/Desktop/Master.bank : mode 02010082
[LOG] AsyncThread::threadFunc                  : Starting Asynchronous operation on sound 0000028E261BD238
[LOG] SystemI::createSound                     : FMOD_NONBLOCKING specified.  Putting into queue to be opened asynchronously!
[LOG] SystemI::createSoundInternal             :     Create name='../../../../Desktop/Trabajos/carrera ingenieria/7semestre/audio2/diseño sonoro/Examples/Build/Desktop/Master.bank', mode=0x02010082
[LOG] AsyncThread::add                         :     add sound to async queue : soundi = 0000028E380D1058, queue head = 0000028E33E7E568, queue count = 0
[LOG] SystemI::createSoundInternal             :     exinfo->cbsize             = 224
[LOG] SystemI::createSound                     :     filename = ../../../../Desktop/Trabajos/carrera ingenieria/7semestre/audio2/diseño sonoro/Examples/Build/Desktop/Master.bank : mode 02010082
[LOG] SystemI::createSoundInternal             :     exinfo->length             = 28790208
[LOG] SystemI::createSound                     :     FMOD_NONBLOCKING specified.  Putting into queue to be opened asynchronously!
[LOG] AsyncThread::add                         :     add sound to async queue : soundi = 0000028E380D1718, queue head = 0000028E33E7E568, queue count = 1
[LOG] SystemI::createSoundInternal             :     exinfo->fileoffset         = 18528
[LOG] SystemI::createSoundInternal             :     exinfo->numsubsounds       = 1
[LOG] SystemI::createSoundInternal             :     exinfo->inclusionlist      = 0000028E316FAE20
[LOG] SystemI::createSoundInternal             :     exinfo->inclusionlistnum   = 1
[LOG] SystemI::createSoundInternal             :     exinfo->suggestedsoundtype = 5
[LOG] SystemI::createSoundInternal             :     exinfo->initialseekpostype = 1
[LOG] SystemI::createSoundInternal             :     Stream 0/1: name='635303__marianasmora8__burbujas-electronicas2', format=5, channels=2, frequency=48000, lengthbytes=119552, lengthpcm=993280, pcmblocksize=0, loopstart=0, loopend=0, mode=0x00000000, channelmask=0x00000000, channelorder=0, peakvolume=0.077026.
[LOG] AsyncThread::threadFunc                  : Finished Asynchronous operation on sound 0000028E261BD238
[LOG] AsyncThread::threadFunc                  : Starting Asynchronous operation on sound 0000028E380D1058
[LOG] SystemI::createSoundInternal             :     Create name='../../../../Desktop/Trabajos/carrera ingenieria/7semestre/audio2/diseño sonoro/Examples/Build/Desktop/Master.bank', mode=0x02010082
[LOG] SystemI::createSoundInternal             :     exinfo->cbsize             = 224
[LOG] SystemI::createSoundInternal             :     exinfo->length             = 28790208
[LOG] SystemI::createSoundInternal             :     exinfo->fileoffset         = 18528
[LOG] SystemI::createSoundInternal             :     exinfo->numsubsounds       = 1
[LOG] SystemI::createSoundInternal             :     exinfo->inclusionlist      = 0000028E316FA560
[LOG] SystemI::createSoundInternal             :     exinfo->inclusionlistnum   = 1
[LOG] SystemI::createSoundInternal             :     exinfo->suggestedsoundtype = 5
[LOG] SystemI::createSoundInternal             :     exinfo->initialseekpostype = 1
[LOG] SystemI::createSoundInternal             :     Stream 0/1: name='847111__tsp-talk__altenthann-midday-rural-village-ambience-with-birds-children-distant-traffic-aircraft-events-03-mar-2026-260303_001', format=5, channels=2, frequency=48000, lengthbytes=26354112, lengthpcm=97105286, pcmblocksize=0, loopstart=0, loopend=0, mode=0x00000000, channelmask=0x00000000, channelorder=0, peakvolume=0.891251.
[LOG] AsyncThread::threadFunc                  : Finished Asynchronous operation on sound 0000028E380D1058
[LOG] AsyncThread::threadFunc                  : Starting Asynchronous operation on sound 0000028E380D1718
[LOG] SystemI::createSoundInternal             :     Create name='../../../../Desktop/Trabajos/carrera ingenieria/7semestre/audio2/diseño sonoro/Examples/Build/Desktop/Master.bank', mode=0x02010082
[LOG] SystemI::createSoundInternal             :     exinfo->cbsize             = 224
[LOG] SystemI::createSoundInternal             :     exinfo->length             = 28790208
[LOG] SystemI::createSoundInternal             :     exinfo->fileoffset         = 18528
[LOG] SystemI::createSoundInternal             :     exinfo->numsubsounds       = 1
[LOG] SystemI::createSoundInternal             :     exinfo->inclusionlist      = 0000028E316FA2E0
[LOG] SystemI::createSoundInternal             :     exinfo->inclusionlistnum   = 1
[LOG] SystemI::createSoundInternal             :     exinfo->suggestedsoundtype = 5
[LOG] SystemI::createSoundInternal             :     exinfo->initialseekpostype = 1
[LOG] SystemI::createSoundInternal             :     Stream 0/1: name='365712__mc_minnaar__ambiance-inside-car', format=5, channels=2, frequency=48000, lengthbytes=1069664, lengthpcm=5869556, pcmblocksize=0, loopstart=0, loopend=0, mode=0x00000000, channelmask=0x00000000, channelorder=0, peakvolume=0.325095.
[LOG] AsyncThread::threadFunc                  : Finished Asynchronous operation on sound 0000028E380D1718
[LOG] SoundI::release                          : 350677__dominik_w__car-race-nordschleife-vln-several-cars-passing-by-tyre-squeal-02 (0000028E2CD636A8)
[LOG] SoundI::release                          :     350677__dominik_w__car-race-nordschleife-vln-several-cars-passing-by-tyre-squeal-02 (0000028E34CD4A58)
[LOG] SoundI::release                          :     350677__dominik_w__car-race-nordschleife-vln-several-cars-passing-by-tyre-squeal-02 (0000028DFC1345C8)
[LOG] SoundI::release                          : 350677__dominik_w__car-race-nordschleife-vln-several-cars-passing-by-tyre-squeal-02 (0000028E35C333E8)
[LOG] SoundI::release                          :     350677__dominik_w__car-race-nordschleife-vln-several-cars-passing-by-tyre-squeal-02 (0000028E34CD4718)
[LOG] SoundI::release                          :     350677__dominik_w__car-race-nordschleife-vln-several-cars-passing-by-tyre-squeal-02 (0000028DFC134418)
[LOG] SoundI::release                          : 365712__mc_minnaar__ambiance-inside-car (0000028E35C33088)
[LOG] SoundI::release                          :     365712__mc_minnaar__ambiance-inside-car (0000028E35371468)
[LOG] SoundI::release                          :     365712__mc_minnaar__ambiance-inside-car (0000028D8F50C8D8)
[LOG] SoundI::release                          : 847111__tsp-talk__altenthann-midday-rural-village-ambience-with-birds-children-distant-traffic-aircraft-events-03-mar-2026-260303_001 (0000028E2CD62E38)
[LOG] SoundI::release                          :     847111__tsp-talk__altenthann-midday-rural-village-ambience-with-birds-children-distant-traffic-aircraft-events-03-mar-2026-260303_001 (0000028E35371128)
[LOG] SoundI::release                          :     847111__tsp-talk__altenthann-midday-rural-village-ambience-with-birds-children-distant-traffic-aircraft-events-03-mar-2026-260303_001 (0000028D8F50CA88)
[LOG] SystemI::createSound                     : filename = ../../../../Desktop/Trabajos/carrera ingenieria/7semestre/audio2/diseño sonoro/Examples/Build/Desktop/Master.bank : mode 02010082
[LOG] SystemI::createSound                     : FMOD_NONBLOCKING specified.  Putting into queue to be opened asynchronously!
[LOG] AsyncThread::add                         : add sound to async queue : soundi = 0000028E3033F778, queue head = 0000028E33E7E568, queue count = 0
[LOG] SystemI::createSound                     : filename = ../../../../Desktop/Trabajos/carrera ingenieria/7semestre/audio2/diseño sonoro/Examples/Build/Desktop/Master.bank : mode 02010082
[LOG] AsyncThread::threadFunc                  : Starting Asynchronous operation on sound 0000028E3033F778
[LOG] SystemI::createSound                     : FMOD_NONBLOCKING specified.  Putting into queue to be opened asynchronously!
[LOG] SystemI::createSoundInternal             :     Create name='../../../../Desktop/Trabajos/carrera ingenieria/7semestre/audio2/diseño sonoro/Examples/Build/Desktop/Master.bank', mode=0x02010082
[LOG] AsyncThread::add                         :     add sound to async queue : soundi = 0000028E3033FE38, queue head = 0000028E33E7E568, queue count = 0
[LOG] SystemI::createSoundInternal             :     exinfo->cbsize             = 224
[LOG] SystemI::createSoundInternal             :     exinfo->length             = 28790208
[LOG] SystemI::createSoundInternal             :     exinfo->fileoffset         = 18528
[LOG] SystemI::createSoundInternal             :     exinfo->numsubsounds       = 1
[LOG] SystemI::createSoundInternal             :     exinfo->inclusionlist      = 0000028E359340E0
[LOG] SystemI::createSoundInternal             :     exinfo->inclusionlistnum   = 1
[LOG] SystemI::createSoundInternal             :     exinfo->suggestedsoundtype = 5
[LOG] SystemI::createSoundInternal             :     exinfo->initialseekpostype = 1
[LOG] SystemI::createSoundInternal             :     Stream 0/1: name='350677__dominik_w__car-race-nordschleife-vln-several-cars-passing-by-tyre-squeal-02', format=5, channels=2, frequency=48000, lengthbytes=1228192, lengthpcm=5225362, pcmblocksize=0, loopstart=0, loopend=0, mode=0x00000000, channelmask=0x00000000, channelorder=0, peakvolume=0.335602.
[LOG] AsyncThread::threadFunc                  : Finished Asynchronous operation on sound 0000028E3033F778
[LOG] AsyncThread::threadFunc                  : Starting Asynchronous operation on sound 0000028E3033FE38
[LOG] SystemI::createSoundInternal             :     Create name='../../../../Desktop/Trabajos/carrera ingenieria/7semestre/audio2/diseño sonoro/Examples/Build/Desktop/Master.bank', mode=0x02010082
[LOG] SystemI::createSoundInternal             :     exinfo->cbsize             = 224
[LOG] SystemI::createSoundInternal             :     exinfo->length             = 28790208
[LOG] SystemI::createSoundInternal             :     exinfo->fileoffset         = 18528
[LOG] SystemI::createSoundInternal             :     exinfo->numsubsounds       = 1
[LOG] SystemI::createSoundInternal             :     exinfo->inclusionlist      = 0000028E35932CE0
[LOG] SystemI::createSoundInternal             :     exinfo->inclusionlistnum   = 1
[LOG] SystemI::createSoundInternal             :     exinfo->suggestedsoundtype = 5
[LOG] SystemI::createSoundInternal             :     exinfo->initialseekpostype = 1
[LOG] SystemI::createSoundInternal             :     Stream 0/1: name='350677__dominik_w__car-race-nordschleife-vln-several-cars-passing-by-tyre-squeal-02', format=5, channels=2, frequency=48000, lengthbytes=1228192, lengthpcm=5225362, pcmblocksize=0, loopstart=0, loopend=0, mode=0x00000000, channelmask=0x00000000, channelorder=0, peakvolume=0.335602.
[LOG] AsyncThread::threadFunc                  : Finished Asynchronous operation on sound 0000028E3033FE38
[LOG] SystemI::createSound                     : filename = ../../../../Desktop/Trabajos/carrera ingenieria/7semestre/audio2/diseño sonoro/Examples/Build/Desktop/Master.bank : mode 02010082
[LOG] SystemI::createSound                     : FMOD_NONBLOCKING specified.  Putting into queue to be opened asynchronously!
[LOG] AsyncThread::add                         : add sound to async queue : soundi = 0000028E388F1458, queue head = 0000028E33E7E568, queue count = 0
[LOG] AsyncThread::threadFunc                  : Starting Asynchronous operation on sound 0000028E388F1458
[LOG] SystemI::createSoundInternal             :     Create name='../../../../Desktop/Trabajos/carrera ingenieria/7semestre/audio2/diseño sonoro/Examples/Build/Desktop/Master.bank', mode=0x02010082
[LOG] SystemI::createSoundInternal             :     exinfo->cbsize             = 224
[LOG] SystemI::createSoundInternal             :     exinfo->length             = 28790208
[LOG] SystemI::createSoundInternal             :     exinfo->fileoffset         = 18528
[LOG] SystemI::createSoundInternal             :     exinfo->numsubsounds       = 1
[LOG] SystemI::createSoundInternal             :     exinfo->inclusionlist      = 0000028E316FABA0
[LOG] SystemI::createSoundInternal             :     exinfo->inclusionlistnum   = 1
[LOG] SystemI::createSoundInternal             :     exinfo->suggestedsoundtype = 5
[LOG] SystemI::createSoundInternal             :     exinfo->initialseekpostype = 1
[LOG] SystemI::createSoundInternal             :     Stream 0/1: name='635303__marianasmora8__burbujas-electronicas2', format=5, channels=2, frequency=48000, lengthbytes=119552, lengthpcm=993280, pcmblocksize=0, loopstart=0, loopend=0, mode=0x00000000, channelmask=0x00000000, channelorder=0, peakvolume=0.077026.
[LOG] AsyncThread::threadFunc                  : Finished Asynchronous operation on sound 0000028E388F1458
[LOG] SoundI::release                          : 635303__marianasmora8__burbujas-electronicas2 (0000028E261BD238)
[LOG] SoundI::release                          :     635303__marianasmora8__burbujas-electronicas2 (0000028E37FFCFE8)
[LOG] SoundI::release                          :     635303__marianasmora8__burbujas-electronicas2 (0000028E380D1208)
[LOG] SoundI::release                          : 635303__marianasmora8__burbujas-electronicas2 (0000028E388F1458)
[LOG] SoundI::release                          :     635303__marianasmora8__burbujas-electronicas2 (0000028E380CA678)
[LOG] SoundI::release                          :     635303__marianasmora8__burbujas-electronicas2 (0000028D8F50CA88)
[LOG] SystemI::createSound                     : filename = ../../../../Desktop/Trabajos/carrera ingenieria/7semestre/audio2/diseño sonoro/Examples/Build/Desktop/Master.bank : mode 02010082
[LOG] SystemI::createSound                     : FMOD_NONBLOCKING specified.  Putting into queue to be opened asynchronously!
[LOG] AsyncThread::add                         : add sound to async queue : soundi = 0000028DFC312C88, queue head = 0000028E33E7E568, queue count = 0
[LOG] AsyncThread::threadFunc                  : Starting Asynchronous operation on sound 0000028DFC312C88
[LOG] SystemI::createSoundInternal             :     Create name='../../../../Desktop/Trabajos/carrera ingenieria/7semestre/audio2/diseño sonoro/Examples/Build/Desktop/Master.bank', mode=0x02010082
[LOG] SystemI::createSoundInternal             :     exinfo->cbsize             = 224
[LOG] SystemI::createSoundInternal             :     exinfo->length             = 28790208
[LOG] SystemI::createSound                     :     filename = ../../../../Desktop/Trabajos/carrera ingenieria/7semestre/audio2/diseño sonoro/Examples/Build/Desktop/Master.bank : mode 02010082
[LOG] SystemI::createSoundInternal             :     exinfo->fileoffset         = 18528
[LOG] SystemI::createSound                     :     FMOD_NONBLOCKING specified.  Putting into queue to be opened asynchronously!
[LOG] SystemI::createSoundInternal             :     exinfo->numsubsounds       = 1
[LOG] SystemI::createSoundInternal             :     exinfo->inclusionlist      = 0000028DFC129860
[LOG] SystemI::createSoundInternal             :     exinfo->inclusionlistnum   = 1
[LOG] AsyncThread::add                         :     add sound to async queue : soundi = 0000028E3690B488, queue head = 0000028E33E7E568, queue count = 0
[LOG] SystemI::createSoundInternal             :     exinfo->suggestedsoundtype = 5
[LOG] SystemI::createSoundInternal             :     exinfo->initialseekpostype = 1
[LOG] SystemI::createSound                     :     filename = ../../../../Desktop/Trabajos/carrera ingenieria/7semestre/audio2/diseño sonoro/Examples/Build/Desktop/Master.bank : mode 02010082
[LOG] SystemI::createSound                     :     FMOD_NONBLOCKING specified.  Putting into queue to be opened asynchronously!
[LOG] AsyncThread::add                         :     add sound to async queue : soundi = 0000028E3690B638, queue head = 0000028E33E7E568, queue count = 1
[LOG] SystemI::createSoundInternal             :     Stream 0/1: name='635303__marianasmora8__burbujas-electronicas2', format=5, channels=2, frequency=48000, lengthbytes=119552, lengthpcm=993280, pcmblocksize=0, loopstart=0, loopend=0, mode=0x00000000, channelmask=0x00000000, channelorder=0, peakvolume=0.077026.
[LOG] AsyncThread::threadFunc                  : Finished Asynchronous operation on sound 0000028DFC312C88
[LOG] AsyncThread::threadFunc                  : Starting Asynchronous operation on sound 0000028E3690B488
[LOG] SystemI::createSoundInternal             :     Create name='../../../../Desktop/Trabajos/carrera ingenieria/7semestre/audio2/diseño sonoro/Examples/Build/Desktop/Master.bank', mode=0x02010082
[LOG] SystemI::createSoundInternal             :     exinfo->cbsize             = 224
[LOG] SystemI::createSoundInternal             :     exinfo->length             = 28790208
[LOG] SystemI::createSoundInternal             :     exinfo->fileoffset         = 18528
[LOG] SystemI::createSoundInternal             :     exinfo->numsubsounds       = 1
[LOG] SystemI::createSoundInternal             :     exinfo->inclusionlist      = 0000028DFC129220
[LOG] SystemI::createSoundInternal             :     exinfo->inclusionlistnum   = 1
[LOG] SystemI::createSoundInternal             :     exinfo->suggestedsoundtype = 5
[LOG] SystemI::createSoundInternal             :     exinfo->initialseekpostype = 1
[LOG] SystemI::createSoundInternal             :     Stream 0/1: name='847111__tsp-talk__altenthann-midday-rural-village-ambience-with-birds-children-distant-traffic-aircraft-events-03-mar-2026-260303_001', format=5, channels=2, frequency=48000, lengthbytes=26354112, lengthpcm=97105286, pcmblocksize=0, loopstart=0, loopend=0, mode=0x00000000, channelmask=0x00000000, channelorder=0, peakvolume=0.891251.
[LOG] AsyncThread::threadFunc                  : Finished Asynchronous operation on sound 0000028E3690B488
[LOG] AsyncThread::threadFunc                  : Starting Asynchronous operation on sound 0000028E3690B638
[LOG] SystemI::createSoundInternal             :     Create name='../../../../Desktop/Trabajos/carrera ingenieria/7semestre/audio2/diseño sonoro/Examples/Build/Desktop/Master.bank', mode=0x02010082
[LOG] SystemI::createSoundInternal             :     exinfo->cbsize             = 224
[LOG] SystemI::createSoundInternal             :     exinfo->length             = 28790208
[LOG] SystemI::createSoundInternal             :     exinfo->fileoffset         = 18528
[LOG] SystemI::createSoundInternal             :     exinfo->numsubsounds       = 1
[LOG] SystemI::createSoundInternal             :     exinfo->inclusionlist      = 0000028DFC129360
[LOG] SystemI::createSoundInternal             :     exinfo->inclusionlistnum   = 1
[LOG] SystemI::createSoundInternal             :     exinfo->suggestedsoundtype = 5
[LOG] SystemI::createSoundInternal             :     exinfo->initialseekpostype = 1
[LOG] SystemI::createSoundInternal             :     Stream 0/1: name='365712__mc_minnaar__ambiance-inside-car', format=5, channels=2, frequency=48000, lengthbytes=1069664, lengthpcm=5869556, pcmblocksize=0, loopstart=0, loopend=0, mode=0x00000000, channelmask=0x00000000, channelorder=0, peakvolume=0.325095.
[LOG] AsyncThread::threadFunc                  : Finished Asynchronous operation on sound 0000028E3690B638
[LOG] SoundI::release                          : 350677__dominik_w__car-race-nordschleife-vln-several-cars-passing-by-tyre-squeal-02 (0000028E3033FE38)
[LOG] SoundI::release                          :     350677__dominik_w__car-race-nordschleife-vln-several-cars-passing-by-tyre-squeal-02 (0000028E34923078)
[LOG] SoundI::release                          :     350677__dominik_w__car-race-nordschleife-vln-several-cars-passing-by-tyre-squeal-02 (0000028E261BD088)
[LOG] SoundI::release                          : 350677__dominik_w__car-race-nordschleife-vln-several-cars-passing-by-tyre-squeal-02 (0000028E3033F778)
[LOG] SoundI::release                          :     350677__dominik_w__car-race-nordschleife-vln-several-cars-passing-by-tyre-squeal-02 (0000028E34923BD8)
[LOG] SoundI::release                          :     350677__dominik_w__car-race-nordschleife-vln-several-cars-passing-by-tyre-squeal-02 (0000028E380D13B8)
[LOG] SoundI::release                          : 365712__mc_minnaar__ambiance-inside-car (0000028E380D1718)
[LOG] SoundI::release                          :     365712__mc_minnaar__ambiance-inside-car (0000028E34923A38)
[LOG] SoundI::release                          :     365712__mc_minnaar__ambiance-inside-car (0000028E380D0B48)
[LOG] SoundI::release                          : 847111__tsp-talk__altenthann-midday-rural-village-ambience-with-birds-children-distant-traffic-aircraft-events-03-mar-2026-260303_001 (0000028E380D1058)
[LOG] SoundI::release                          :     847111__tsp-talk__altenthann-midday-rural-village-ambience-with-birds-children-distant-traffic-aircraft-events-03-mar-2026-260303_001 (0000028E384EDE28)
[LOG] SoundI::release                          :     847111__tsp-talk__altenthann-midday-rural-village-ambience-with-birds-children-distant-traffic-aircraft-events-03-mar-2026-260303_001 (0000028E380D18C8)
[LOG] SystemI::createSound                     : filename = ../../../../Desktop/Trabajos/carrera ingenieria/7semestre/audio2/diseño sonoro/Examples/Build/Desktop/Master.bank : mode 02010082
[LOG] SystemI::createSound                     : FMOD_NONBLOCKING specified.  Putting into queue to be opened asynchronously!
[LOG] AsyncThread::add                         : add sound to async queue : soundi = 0000028E261BD238, queue head = 0000028E33E7E568, queue count = 0
[LOG] AsyncThread::threadFunc                  : Starting Asynchronous operation on sound 0000028E261BD238
[LOG] SystemI::createSound                     : filename = ../../../../Desktop/Trabajos/carrera ingenieria/7semestre/audio2/diseño sonoro/Examples/Build/Desktop/Master.bank : mode 02010082
[LOG] SystemI::createSound                     :     FMOD_NONBLOCKING specified.  Putting into queue to be opened asynchronously!
[LOG] SystemI::createSoundInternal             :     Create name='../../../../Desktop/Trabajos/carrera ingenieria/7semestre/audio2/diseño sonoro/Examples/Build/Desktop/Master.bank', mode=0x02010082
[LOG] AsyncThread::add                         :     add sound to async queue : soundi = 0000028E380D1568, queue head = 0000028E33E7E568, queue count = 0
[LOG] SystemI::createSoundInternal             :     exinfo->cbsize             = 224
[LOG] SystemI::createSoundInternal             :     exinfo->length             = 28790208
[LOG] SystemI::createSoundInternal             :     exinfo->fileoffset         = 18528
[LOG] SystemI::createSoundInternal             :     exinfo->numsubsounds       = 1
[LOG] SystemI::createSoundInternal             :     exinfo->inclusionlist      = 0000028E316FAA60
[LOG] SystemI::createSoundInternal             :     exinfo->inclusionlistnum   = 1
[LOG] SystemI::createSoundInternal             :     exinfo->suggestedsoundtype = 5
[LOG] SystemI::createSoundInternal             :     exinfo->initialseekpostype = 1
[LOG] SystemI::createSoundInternal             :     Stream 0/1: name='350677__dominik_w__car-race-nordschleife-vln-several-cars-passing-by-tyre-squeal-02', format=5, channels=2, frequency=48000, lengthbytes=1228192, lengthpcm=5225362, pcmblocksize=0, loopstart=0, loopend=0, mode=0x00000000, channelmask=0x00000000, channelorder=0, peakvolume=0.335602.
[LOG] AsyncThread::threadFunc                  : Finished Asynchronous operation on sound 0000028E261BD238
[LOG] AsyncThread::threadFunc                  : Starting Asynchronous operation on sound 0000028E380D1568
[LOG] SystemI::createSoundInternal             :     Create name='../../../../Desktop/Trabajos/carrera ingenieria/7semestre/audio2/diseño sonoro/Examples/Build/Desktop/Master.bank', mode=0x02010082
[LOG] SystemI::createSoundInternal             :     exinfo->cbsize             = 224
[LOG] SystemI::createSoundInternal             :     exinfo->length             = 28790208
[LOG] SystemI::createSoundInternal             :     exinfo->fileoffset         = 18528
[LOG] SystemI::createSoundInternal             :     exinfo->numsubsounds       = 1
[LOG] SystemI::createSoundInternal             :     exinfo->inclusionlist      = 0000028E316FA2E0
[LOG] SystemI::createSoundInternal             :     exinfo->inclusionlistnum   = 1
[LOG] SystemI::createSoundInternal             :     exinfo->suggestedsoundtype = 5
[LOG] SystemI::createSoundInternal             :     exinfo->initialseekpostype = 1
[LOG] SystemI::createSoundInternal             :     Stream 0/1: name='350677__dominik_w__car-race-nordschleife-vln-several-cars-passing-by-tyre-squeal-02', format=5, channels=2, frequency=48000, lengthbytes=1228192, lengthpcm=5225362, pcmblocksize=0, loopstart=0, loopend=0, mode=0x00000000, channelmask=0x00000000, channelorder=0, peakvolume=0.335602.
[LOG] AsyncThread::threadFunc                  : Finished Asynchronous operation on sound 0000028E380D1568
[LOG] SystemI::createSound                     : filename = ../../../../Desktop/Trabajos/carrera ingenieria/7semestre/audio2/diseño sonoro/Examples/Build/Desktop/Master.bank : mode 02010082
[LOG] SystemI::createSound                     : FMOD_NONBLOCKING specified.  Putting into queue to be opened asynchronously!
[LOG] AsyncThread::add                         : add sound to async queue : soundi = 0000028E388F1968, queue head = 0000028E33E7E568, queue count = 0
[LOG] AsyncThread::threadFunc                  : Starting Asynchronous operation on sound 0000028E388F1968
[LOG] SystemI::createSoundInternal             :     Create name='../../../../Desktop/Trabajos/carrera ingenieria/7semestre/audio2/diseño sonoro/Examples/Build/Desktop/Master.bank', mode=0x02010082
[LOG] SystemI::createSoundInternal             :     exinfo->cbsize             = 224
[LOG] SystemI::createSoundInternal             :     exinfo->length             = 28790208
[LOG] SystemI::createSoundInternal             :     exinfo->fileoffset         = 18528
[LOG] SystemI::createSoundInternal             :     exinfo->numsubsounds       = 1
[LOG] SystemI::createSoundInternal             :     exinfo->inclusionlist      = 0000028E35D29CC0
[LOG] SystemI::createSoundInternal             :     exinfo->inclusionlistnum   = 1
[LOG] SystemI::createSoundInternal             :     exinfo->suggestedsoundtype = 5
[LOG] SystemI::createSoundInternal             :     exinfo->initialseekpostype = 1
[LOG] SystemI::createSoundInternal             :     Stream 0/1: name='635303__marianasmora8__burbujas-electronicas2', format=5, channels=2, frequency=48000, lengthbytes=119552, lengthpcm=993280, pcmblocksize=0, loopstart=0, loopend=0, mode=0x00000000, channelmask=0x00000000, channelorder=0, peakvolume=0.077026.
[LOG] AsyncThread::threadFunc                  : Finished Asynchronous operation on sound 0000028E388F1968
[LOG] SoundI::release                          : 635303__marianasmora8__burbujas-electronicas2 (0000028DFC312C88)
[LOG] SoundI::release                          :     635303__marianasmora8__burbujas-electronicas2 (0000028E315A0F98)
[LOG] SoundI::release                          :     635303__marianasmora8__burbujas-electronicas2 (0000028E3065B678)
[LOG] SoundI::release                          : 635303__marianasmora8__burbujas-electronicas2 (0000028E388F1968)
[LOG] SoundI::release                          :     635303__marianasmora8__burbujas-electronicas2 (0000028E35171C68)
[LOG] SoundI::release                          :     635303__marianasmora8__burbujas-electronicas2 (0000028D6B7DB5F8)
[LOG] SystemI::createSound                     : filename = ../../../../Desktop/Trabajos/carrera ingenieria/7semestre/audio2/diseño sonoro/Examples/Build/Desktop/Master.bank : mode 02010082
[LOG] SystemI::createSound                     : FMOD_NONBLOCKING specified.  Putting into queue to be opened asynchronously!
[LOG] AsyncThread::add                         : add sound to async queue : soundi = 0000028E380D0CF8, queue head = 0000028E33E7E568, queue count = 0
[LOG] SystemI::createSound                     : filename = ../../../../Desktop/Trabajos/carrera ingenieria/7semestre/audio2/diseño sonoro/Examples/Build/Desktop/Master.bank : mode 02010082
[LOG] AsyncThread::threadFunc                  : Starting Asynchronous operation on sound 0000028E380D0CF8
[LOG] SystemI::createSound                     : FMOD_NONBLOCKING specified.  Putting into queue to be opened asynchronously!
[LOG] SystemI::createSoundInternal             :     Create name='../../../../Desktop/Trabajos/carrera ingenieria/7semestre/audio2/diseño sonoro/Examples/Build/Desktop/Master.bank', mode=0x02010082
[LOG] AsyncThread::add                         :     add sound to async queue : soundi = 0000028E380D13B8, queue head = 0000028E33E7E568, queue count = 0
[LOG] SystemI::createSoundInternal             :     exinfo->cbsize             = 224
[LOG] SystemI::createSound                     :     filename = ../../../../Desktop/Trabajos/carrera ingenieria/7semestre/audio2/diseño sonoro/Examples/Build/Desktop/Master.bank : mode 02010082
[LOG] SystemI::createSoundInternal             :     exinfo->length             = 28790208
[LOG] SystemI::createSound                     :     FMOD_NONBLOCKING specified.  Putting into queue to be opened asynchronously!
[LOG] SystemI::createSoundInternal             :     exinfo->fileoffset         = 18528
[LOG] AsyncThread::add                         :     add sound to async queue : soundi = 0000028E380D18C8, queue head = 0000028E33E7E568, queue count = 1
[LOG] SystemI::createSoundInternal             :     exinfo->numsubsounds       = 1
[LOG] SystemI::createSoundInternal             :     exinfo->inclusionlist      = 0000028E316FA6A0
[LOG] SystemI::createSoundInternal             :     exinfo->inclusionlistnum   = 1
[LOG] SystemI::createSoundInternal             :     exinfo->suggestedsoundtype = 5
[LOG] SystemI::createSoundInternal             :     exinfo->initialseekpostype = 1
[LOG] SystemI::createSoundInternal             :     Stream 0/1: name='635303__marianasmora8__burbujas-electronicas2', format=5, channels=2, frequency=48000, lengthbytes=119552, lengthpcm=993280, pcmblocksize=0, loopstart=0, loopend=0, mode=0x00000000, channelmask=0x00000000, channelorder=0, peakvolume=0.077026.
[LOG] AsyncThread::threadFunc                  : Finished Asynchronous operation on sound 0000028E380D0CF8
[LOG] AsyncThread::threadFunc                  : Starting Asynchronous operation on sound 0000028E380D13B8
[LOG] SystemI::createSoundInternal             :     Create name='../../../../Desktop/Trabajos/carrera ingenieria/7semestre/audio2/diseño sonoro/Examples/Build/Desktop/Master.bank', mode=0x02010082
[LOG] SystemI::createSoundInternal             :     exinfo->cbsize             = 224
[LOG] SystemI::createSoundInternal             :     exinfo->length             = 28790208
[LOG] SystemI::createSoundInternal             :     exinfo->fileoffset         = 18528
[LOG] SystemI::createSoundInternal             :     exinfo->numsubsounds       = 1
[LOG] SystemI::createSoundInternal             :     exinfo->inclusionlist      = 0000028E316FABA0
[LOG] SystemI::createSoundInternal             :     exinfo->inclusionlistnum   = 1
[LOG] SystemI::createSoundInternal             :     exinfo->suggestedsoundtype = 5
[LOG] SystemI::createSoundInternal             :     exinfo->initialseekpostype = 1
[LOG] SystemI::createSoundInternal             :     Stream 0/1: name='847111__tsp-talk__altenthann-midday-rural-village-ambience-with-birds-children-distant-traffic-aircraft-events-03-mar-2026-260303_001', format=5, channels=2, frequency=48000, lengthbytes=26354112, lengthpcm=97105286, pcmblocksize=0, loopstart=0, loopend=0, mode=0x00000000, channelmask=0x00000000, channelorder=0, peakvolume=0.891251.
[LOG] AsyncThread::threadFunc                  : Finished Asynchronous operation on sound 0000028E380D13B8
[LOG] AsyncThread::threadFunc                  : Starting Asynchronous operation on sound 0000028E380D18C8
[LOG] SystemI::createSoundInternal             :     Create name='../../../../Desktop/Trabajos/carrera ingenieria/7semestre/audio2/diseño sonoro/Examples/Build/Desktop/Master.bank', mode=0x02010082
[LOG] SystemI::createSoundInternal             :     exinfo->cbsize             = 224
[LOG] SystemI::createSoundInternal             :     exinfo->length             = 28790208
[LOG] SystemI::createSoundInternal             :     exinfo->fileoffset         = 18528
[LOG] SystemI::createSoundInternal             :     exinfo->numsubsounds       = 1
[LOG] SystemI::createSoundInternal             :     exinfo->inclusionlist      = 0000028E316FA7E0
[LOG] SystemI::createSoundInternal             :     exinfo->inclusionlistnum   = 1
[LOG] SystemI::createSoundInternal             :     exinfo->suggestedsoundtype = 5
[LOG] SystemI::createSoundInternal             :     exinfo->initialseekpostype = 1
[LOG] SystemI::createSoundInternal             :     Stream 0/1: name='365712__mc_minnaar__ambiance-inside-car', format=5, channels=2, frequency=48000, lengthbytes=1069664, lengthpcm=5869556, pcmblocksize=0, loopstart=0, loopend=0, mode=0x00000000, channelmask=0x00000000, channelorder=0, peakvolume=0.325095.
[LOG] AsyncThread::threadFunc                  : Finished Asynchronous operation on sound 0000028E380D18C8
[LOG] SoundI::release                          : 350677__dominik_w__car-race-nordschleife-vln-several-cars-passing-by-tyre-squeal-02 (0000028E380D1568)
[LOG] SoundI::release                          :     350677__dominik_w__car-race-nordschleife-vln-several-cars-passing-by-tyre-squeal-02 (0000028E3159F3F8)
[LOG] SoundI::release                          :     350677__dominik_w__car-race-nordschleife-vln-several-cars-passing-by-tyre-squeal-02 (0000028D665DE348)
[LOG] SoundI::release                          : 350677__dominik_w__car-race-nordschleife-vln-several-cars-passing-by-tyre-squeal-02 (0000028E261BD238)
[LOG] SoundI::release                          :     350677__dominik_w__car-race-nordschleife-vln-several-cars-passing-by-tyre-squeal-02 (0000028E315A1138)
[LOG] SoundI::release                          :     350677__dominik_w__car-race-nordschleife-vln-several-cars-passing-by-tyre-squeal-02 (0000028D665DF5D8)
[LOG] SoundI::release                          : 365712__mc_minnaar__ambiance-inside-car (0000028E3690B638)
[LOG] SoundI::release                          :     365712__mc_minnaar__ambiance-inside-car (0000028E315A0778)
[LOG] SoundI::release                          :     365712__mc_minnaar__ambiance-inside-car (0000028E3065AAA8)
[LOG] SoundI::release                          : 847111__tsp-talk__altenthann-midday-rural-village-ambience-with-birds-children-distant-traffic-aircraft-events-03-mar-2026-260303_001 (0000028E3690B488)
[LOG] SoundI::release                          :     847111__tsp-talk__altenthann-midday-rural-village-ambience-with-birds-children-distant-traffic-aircraft-events-03-mar-2026-260303_001 (0000028E3159ED78)
[LOG] SoundI::release                          :     847111__tsp-talk__altenthann-midday-rural-village-ambience-with-birds-children-distant-traffic-aircraft-events-03-mar-2026-260303_001 (0000028E3065B828)
[LOG] SystemI::createSound                     : filename = ../../../../Desktop/Trabajos/carrera ingenieria/7semestre/audio2/diseño sonoro/Examples/Build/Desktop/Master.bank : mode 02010082
[LOG] SystemI::createSound                     : FMOD_NONBLOCKING specified.  Putting into queue to be opened asynchronously!
[LOG] AsyncThread::add                         : add sound to async queue : soundi = 0000028E388F1CC8, queue head = 0000028E33E7E568, queue count = 0
[LOG] SystemI::createSound                     : filename = ../../../../Desktop/Trabajos/carrera ingenieria/7semestre/audio2/diseño sonoro/Examples/Build/Desktop/Master.bank : mode 02010082
[LOG] AsyncThread::threadFunc                  : Starting Asynchronous operation on sound 0000028E388F1CC8
[LOG] SystemI::createSound                     : FMOD_NONBLOCKING specified.  Putting into queue to be opened asynchronously!
[LOG] SystemI::createSoundInternal             :     Create name='../../../../Desktop/Trabajos/carrera ingenieria/7semestre/audio2/diseño sonoro/Examples/Build/Desktop/Master.bank', mode=0x02010082
[LOG] AsyncThread::add                         :     add sound to async queue : soundi = 0000028E388F1B18, queue head = 0000028E33E7E568, queue count = 0
[LOG] SystemI::createSoundInternal             :     exinfo->cbsize             = 224
[LOG] SystemI::createSoundInternal             :     exinfo->length             = 28790208
[LOG] SystemI::createSoundInternal             :     exinfo->fileoffset         = 18528
[LOG] SystemI::createSoundInternal             :     exinfo->numsubsounds       = 1
[LOG] SystemI::createSoundInternal             :     exinfo->inclusionlist      = 0000028E303E0F60
[LOG] SystemI::createSoundInternal             :     exinfo->inclusionlistnum   = 1
[LOG] SystemI::createSoundInternal             :     exinfo->suggestedsoundtype = 5
[LOG] SystemI::createSoundInternal             :     exinfo->initialseekpostype = 1
[LOG] SystemI::createSoundInternal             :     Stream 0/1: name='350677__dominik_w__car-race-nordschleife-vln-several-cars-passing-by-tyre-squeal-02', format=5, channels=2, frequency=48000, lengthbytes=1228192, lengthpcm=5225362, pcmblocksize=0, loopstart=0, loopend=0, mode=0x00000000, channelmask=0x00000000, channelorder=0, peakvolume=0.335602.
[LOG] AsyncThread::threadFunc                  : Finished Asynchronous operation on sound 0000028E388F1CC8
[LOG] AsyncThread::threadFunc                  : Starting Asynchronous operation on sound 0000028E388F1B18
[LOG] SystemI::createSoundInternal             :     Create name='../../../../Desktop/Trabajos/carrera ingenieria/7semestre/audio2/diseño sonoro/Examples/Build/Desktop/Master.bank', mode=0x02010082
[LOG] SystemI::createSoundInternal             :     exinfo->cbsize             = 224
[LOG] SystemI::createSoundInternal             :     exinfo->length             = 28790208
[LOG] SystemI::createSoundInternal             :     exinfo->fileoffset         = 18528
[LOG] SystemI::createSoundInternal             :     exinfo->numsubsounds       = 1
[LOG] SystemI::createSoundInternal             :     exinfo->inclusionlist      = 0000028E303E0BA0
[LOG] SystemI::createSoundInternal             :     exinfo->inclusionlistnum   = 1
[LOG] SystemI::createSoundInternal             :     exinfo->suggestedsoundtype = 5
[LOG] SystemI::createSoundInternal             :     exinfo->initialseekpostype = 1
[LOG] SystemI::createSoundInternal             :     Stream 0/1: name='350677__dominik_w__car-race-nordschleife-vln-several-cars-passing-by-tyre-squeal-02', format=5, channels=2, frequency=48000, lengthbytes=1228192, lengthpcm=5225362, pcmblocksize=0, loopstart=0, loopend=0, mode=0x00000000, channelmask=0x00000000, channelorder=0, peakvolume=0.335602.
[LOG] AsyncThread::threadFunc                  : Finished Asynchronous operation on sound 0000028E388F1B18
[LOG] SystemI::createSound                     : filename = ../../../../Desktop/Trabajos/carrera ingenieria/7semestre/audio2/diseño sonoro/Examples/Build/Desktop/Master.bank : mode 02010082
[LOG] SystemI::createSound                     : FMOD_NONBLOCKING specified.  Putting into queue to be opened asynchronously!
[LOG] AsyncThread::add                         : add sound to async queue : soundi = 0000028E349269A8, queue head = 0000028E33E7E568, queue count = 0
[LOG] AsyncThread::threadFunc                  : Starting Asynchronous operation on sound 0000028E349269A8
[LOG] SystemI::createSoundInternal             :     Create name='../../../../Desktop/Trabajos/carrera ingenieria/7semestre/audio2/diseño sonoro/Examples/Build/Desktop/Master.bank', mode=0x02010082
[LOG] SystemI::createSoundInternal             :     exinfo->cbsize             = 224
[LOG] SystemI::createSoundInternal             :     exinfo->length             = 28790208
[LOG] SystemI::createSoundInternal             :     exinfo->fileoffset         = 18528
[LOG] SystemI::createSoundInternal             :     exinfo->numsubsounds       = 1
[LOG] SystemI::createSoundInternal             :     exinfo->inclusionlist      = 0000028D6DE70300
[LOG] SystemI::createSoundInternal             :     exinfo->inclusionlistnum   = 1
[LOG] SystemI::createSoundInternal             :     exinfo->suggestedsoundtype = 5
[LOG] SystemI::createSoundInternal             :     exinfo->initialseekpostype = 1
[LOG] SystemI::createSoundInternal             :     Stream 0/1: name='635303__marianasmora8__burbujas-electronicas2', format=5, channels=2, frequency=48000, lengthbytes=119552, lengthpcm=993280, pcmblocksize=0, loopstart=0, loopend=0, mode=0x00000000, channelmask=0x00000000, channelorder=0, peakvolume=0.077026.
[LOG] AsyncThread::threadFunc                  : Finished Asynchronous operation on sound 0000028E349269A8
[LOG] SoundI::release                          : 635303__marianasmora8__burbujas-electronicas2 (0000028E380D0CF8)
[LOG] SoundI::release                          :     635303__marianasmora8__burbujas-electronicas2 (0000028E380C9E58)
[LOG] SoundI::release                          :     635303__marianasmora8__burbujas-electronicas2 (0000028E37C0E758)
[LOG] SystemI::createSoundInternal             : Create name='', mode=0x02000202
[LOG] SystemI::createSoundInternal             : exinfo->cbsize             = 224
[LOG] SystemI::createSoundInternal             : exinfo->length             = 30688
[LOG] SystemI::createSoundInternal             : exinfo->fileoffset         = 2464
[LOG] SystemI::createSoundInternal             : exinfo->numsubsounds       = 1
[LOG] SystemI::createSoundInternal             : exinfo->inclusionlist      = 000000C274BDF328
[LOG] SystemI::createSoundInternal             : exinfo->inclusionlistnum   = 1
[LOG] SystemI::createSoundInternal             : exinfo->suggestedsoundtype = 5
[LOG] SystemI::createSoundInternal             : exinfo->useropen           = 00007FF96F1B5C40
[LOG] SystemI::createSoundInternal             : exinfo->userclose          = 00007FF96F1B5C00
[LOG] SystemI::createSoundInternal             : exinfo->userread           = 00007FF96F1B5D20
[LOG] SystemI::createSoundInternal             : exinfo->userseek           = 00007FF96F1B5DE0
[LOG] SystemI::createSoundInternal             : exinfo->fileuserdata       = 0000028D911236B8
[LOG] SystemI::createSoundInternal             : exinfo->initialseekpostype = 1
[LOG] SystemI::DSPCodecPoolRegister            : register codec pool for pool type 5
[LOG] SystemI::createSoundInternal             : Sample 0/1: name='571510__kagateni__cancel', format=5, channels=2, frequency=48000, lengthbytes=27424, lengthpcm=121714, pcmblocksize=0, loopstart=0, loopend=82285, mode=0x00000000, channelmask=0x00000000, channelorder=0, peakvolume=0.850830.
[LOG] SoundI::release                          : 635303__marianasmora8__burbujas-electronicas2 (0000028E349269A8)
[LOG] SoundI::release                          :     635303__marianasmora8__burbujas-electronicas2 (0000028D6C329098)
[LOG] SoundI::release                          :     635303__marianasmora8__burbujas-electronicas2 (0000028DFA210288)
[LOG] SystemI::createSound                     : filename = ../../../../Desktop/Trabajos/carrera ingenieria/7semestre/audio2/diseño sonoro/Examples/Build/Desktop/Master.bank : mode 02010082
[LOG] SystemI::createSound                     : FMOD_NONBLOCKING specified.  Putting into queue to be opened asynchronously!
[LOG] AsyncThread::add                         : add sound to async queue : soundi = 0000028DFA20C918, queue head = 0000028E33E7E568, queue count = 0
[LOG] SystemI::createSound                     : filename = ../../../../Desktop/Trabajos/carrera ingenieria/7semestre/audio2/diseño sonoro/Examples/Build/Desktop/Master.bank : mode 02010082
[LOG] SystemI::createSound                     : FMOD_NONBLOCKING specified.  Putting into queue to be opened asynchronously!
[LOG] AsyncThread::threadFunc                  : Starting Asynchronous operation on sound 0000028DFA20C918
[LOG] AsyncThread::add                         : add sound to async queue : soundi = 0000028D8FA3F708, queue head = 0000028E33E7E568, queue count = 0
[LOG] SystemI::createSoundInternal             :     Create name='../../../../Desktop/Trabajos/carrera ingenieria/7semestre/audio2/diseño sonoro/Examples/Build/Desktop/Master.bank', mode=0x02010082
[LOG] SystemI::createSound                     :     filename = ../../../../Desktop/Trabajos/carrera ingenieria/7semestre/audio2/diseño sonoro/Examples/Build/Desktop/Master.bank : mode 02010082
[LOG] SystemI::createSoundInternal             :     exinfo->cbsize             = 224
[LOG] SystemI::createSound                     :     FMOD_NONBLOCKING specified.  Putting into queue to be opened asynchronously!
[LOG] SystemI::createSoundInternal             :     exinfo->length             = 28790208
[LOG] AsyncThread::add                         :     add sound to async queue : soundi = 0000028D8FA3F3A8, queue head = 0000028E33E7E568, queue count = 1
[LOG] SystemI::createSoundInternal             :     exinfo->fileoffset         = 18528
[LOG] SystemI::createSoundInternal             :     exinfo->numsubsounds       = 1
[LOG] SystemI::createSoundInternal             :     exinfo->inclusionlist      = 0000028E34FBD800
[LOG] SystemI::createSoundInternal             :     exinfo->inclusionlistnum   = 1
[LOG] SystemI::createSoundInternal             :     exinfo->suggestedsoundtype = 5
[LOG] SystemI::createSoundInternal             :     exinfo->initialseekpostype = 1
[LOG] SystemI::createSoundInternal             :     Stream 0/1: name='635303__marianasmora8__burbujas-electronicas2', format=5, channels=2, frequency=48000, lengthbytes=119552, lengthpcm=993280, pcmblocksize=0, loopstart=0, loopend=0, mode=0x00000000, channelmask=0x00000000, channelorder=0, peakvolume=0.077026.
[LOG] AsyncThread::threadFunc                  : Finished Asynchronous operation on sound 0000028DFA20C918
[LOG] AsyncThread::threadFunc                  : Starting Asynchronous operation on sound 0000028D8FA3F708
[LOG] SystemI::createSoundInternal             :     Create name='../../../../Desktop/Trabajos/carrera ingenieria/7semestre/audio2/diseño sonoro/Examples/Build/Desktop/Master.bank', mode=0x02010082
[LOG] SystemI::createSoundInternal             :     exinfo->cbsize             = 224
[LOG] SystemI::createSoundInternal             :     exinfo->length             = 28790208
[LOG] SystemI::createSoundInternal             :     exinfo->fileoffset         = 18528
[LOG] SystemI::createSoundInternal             :     exinfo->numsubsounds       = 1
[LOG] SystemI::createSoundInternal             :     exinfo->inclusionlist      = 0000028E34FBEFC0
[LOG] SystemI::createSoundInternal             :     exinfo->inclusionlistnum   = 1
[LOG] SystemI::createSoundInternal             :     exinfo->suggestedsoundtype = 5
[LOG] SystemI::createSoundInternal             :     exinfo->initialseekpostype = 1
[LOG] SystemI::createSoundInternal             :     Stream 0/1: name='847111__tsp-talk__altenthann-midday-rural-village-ambience-with-birds-children-distant-traffic-aircraft-events-03-mar-2026-260303_001', format=5, channels=2, frequency=48000, lengthbytes=26354112, lengthpcm=97105286, pcmblocksize=0, loopstart=0, loopend=0, mode=0x00000000, channelmask=0x00000000, channelorder=0, peakvolume=0.891251.
[LOG] AsyncThread::threadFunc                  : Finished Asynchronous operation on sound 0000028D8FA3F708
[LOG] AsyncThread::threadFunc                  : Starting Asynchronous operation on sound 0000028D8FA3F3A8
[LOG] SystemI::createSoundInternal             :     Create name='../../../../Desktop/Trabajos/carrera ingenieria/7semestre/audio2/diseño sonoro/Examples/Build/Desktop/Master.bank', mode=0x02010082
[LOG] SystemI::createSoundInternal             :     exinfo->cbsize             = 224
[LOG] SystemI::createSoundInternal             :     exinfo->length             = 28790208
[LOG] SystemI::createSoundInternal             :     exinfo->fileoffset         = 18528
[LOG] SystemI::createSoundInternal             :     exinfo->numsubsounds       = 1
[LOG] SystemI::createSoundInternal             :     exinfo->inclusionlist      = 0000028E34FBDBC0
[LOG] SystemI::createSoundInternal             :     exinfo->inclusionlistnum   = 1
[LOG] SystemI::createSoundInternal             :     exinfo->suggestedsoundtype = 5
[LOG] SystemI::createSoundInternal             :     exinfo->initialseekpostype = 1
[LOG] SystemI::createSoundInternal             :     Stream 0/1: name='365712__mc_minnaar__ambiance-inside-car', format=5, channels=2, frequency=48000, lengthbytes=1069664, lengthpcm=5869556, pcmblocksize=0, loopstart=0, loopend=0, mode=0x00000000, channelmask=0x00000000, channelorder=0, peakvolume=0.325095.
[LOG] AsyncThread::threadFunc                  : Finished Asynchronous operation on sound 0000028D8FA3F3A8
[LOG] SoundI::release                          : 350677__dominik_w__car-race-nordschleife-vln-several-cars-passing-by-tyre-squeal-02 (0000028E388F1B18)
[LOG] SoundI::release                          :     350677__dominik_w__car-race-nordschleife-vln-several-cars-passing-by-tyre-squeal-02 (0000028E386F43D8)
[LOG] SoundI::release                          :     350677__dominik_w__car-race-nordschleife-vln-several-cars-passing-by-tyre-squeal-02 (0000028E37C0EC68)
[LOG] SoundI::release                          : 350677__dominik_w__car-race-nordschleife-vln-several-cars-passing-by-tyre-squeal-02 (0000028E388F1CC8)
[LOG] SoundI::release                          :     350677__dominik_w__car-race-nordschleife-vln-several-cars-passing-by-tyre-squeal-02 (0000028E386F4A58)
[LOG] SoundI::release                          :     350677__dominik_w__car-race-nordschleife-vln-several-cars-passing-by-tyre-squeal-02 (0000028E37C0EAB8)
[LOG] SoundI::release                          : 365712__mc_minnaar__ambiance-inside-car (0000028E380D18C8)
[LOG] SoundI::release                          :     365712__mc_minnaar__ambiance-inside-car (0000028E386F48B8)
[LOG] SoundI::release                          :     365712__mc_minnaar__ambiance-inside-car (0000028E37C0E908)
[LOG] SoundI::release                          : 847111__tsp-talk__altenthann-midday-rural-village-ambience-with-birds-children-distant-traffic-aircraft-events-03-mar-2026-260303_001 (0000028E380D13B8)
[LOG] SoundI::release                          :     847111__tsp-talk__altenthann-midday-rural-village-ambience-with-birds-children-distant-traffic-aircraft-events-03-mar-2026-260303_001 (0000028E386F4098)
[LOG] SoundI::release                          :     847111__tsp-talk__altenthann-midday-rural-village-ambience-with-birds-children-distant-traffic-aircraft-events-03-mar-2026-260303_001 (0000028E37C0E098)
[LOG] SystemI::createSound                     : filename = ../../../../Desktop/Trabajos/carrera ingenieria/7semestre/audio2/diseño sonoro/Examples/Build/Desktop/Master.bank : mode 02010082
[LOG] SystemI::createSound                     : FMOD_NONBLOCKING specified.  Putting into queue to be opened asynchronously!
[LOG] AsyncThread::add                         : add sound to async queue : soundi = 0000028DFA20C5B8, queue head = 0000028E33E7E568, queue count = 0
[LOG] SystemI::createSound                     : filename = ../../../../Desktop/Trabajos/carrera ingenieria/7semestre/audio2/diseño sonoro/Examples/Build/Desktop/Master.bank : mode 02010082
[LOG] AsyncThread::threadFunc                  : Starting Asynchronous operation on sound 0000028DFA20C5B8
[LOG] SystemI::createSound                     : FMOD_NONBLOCKING specified.  Putting into queue to be opened asynchronously!
[LOG] SystemI::createSoundInternal             :     Create name='../../../../Desktop/Trabajos/carrera ingenieria/7semestre/audio2/diseño sonoro/Examples/Build/Desktop/Master.bank', mode=0x02010082
[LOG] AsyncThread::add                         :     add sound to async queue : soundi = 0000028E380D0B48, queue head = 0000028E33E7E568, queue count = 0
[LOG] SystemI::createSoundInternal             :     exinfo->cbsize             = 224
[LOG] SystemI::createSoundInternal             :     exinfo->length             = 28790208
[LOG] SystemI::createSoundInternal             :     exinfo->fileoffset         = 18528
[LOG] SystemI::createSoundInternal             :     exinfo->numsubsounds       = 1
[LOG] SystemI::createSoundInternal             :     exinfo->inclusionlist      = 0000028E34FBE340
[LOG] SystemI::createSoundInternal             :     exinfo->inclusionlistnum   = 1
[LOG] SystemI::createSoundInternal             :     exinfo->suggestedsoundtype = 5
[LOG] SystemI::createSoundInternal             :     exinfo->initialseekpostype = 1
[LOG] SystemI::createSoundInternal             :     Stream 0/1: name='350677__dominik_w__car-race-nordschleife-vln-several-cars-passing-by-tyre-squeal-02', format=5, channels=2, frequency=48000, lengthbytes=1228192, lengthpcm=5225362, pcmblocksize=0, loopstart=0, loopend=0, mode=0x00000000, channelmask=0x00000000, channelorder=0, peakvolume=0.335602.
[LOG] AsyncThread::threadFunc                  : Finished Asynchronous operation on sound 0000028DFA20C5B8
[LOG] AsyncThread::threadFunc                  : Starting Asynchronous operation on sound 0000028E380D0B48
[LOG] SystemI::createSoundInternal             :     Create name='../../../../Desktop/Trabajos/carrera ingenieria/7semestre/audio2/diseño sonoro/Examples/Build/Desktop/Master.bank', mode=0x02010082
[LOG] SystemI::createSoundInternal             :     exinfo->cbsize             = 224
[LOG] SystemI::createSoundInternal             :     exinfo->length             = 28790208
[LOG] SystemI::createSoundInternal             :     exinfo->fileoffset         = 18528
[LOG] SystemI::createSoundInternal             :     exinfo->numsubsounds       = 1
[LOG] SystemI::createSoundInternal             :     exinfo->inclusionlist      = 0000028E34FBEC00
[LOG] SystemI::createSoundInternal             :     exinfo->inclusionlistnum   = 1
[LOG] SystemI::createSoundInternal             :     exinfo->suggestedsoundtype = 5
[LOG] SystemI::createSoundInternal             :     exinfo->initialseekpostype = 1
[LOG] SystemI::createSoundInternal             :     Stream 0/1: name='350677__dominik_w__car-race-nordschleife-vln-several-cars-passing-by-tyre-squeal-02', format=5, channels=2, frequency=48000, lengthbytes=1228192, lengthpcm=5225362, pcmblocksize=0, loopstart=0, loopend=0, mode=0x00000000, channelmask=0x00000000, channelorder=0, peakvolume=0.335602.
[LOG] AsyncThread::threadFunc                  : Finished Asynchronous operation on sound 0000028E380D0B48
[LOG] SoundI::release                          :  (0000028E341CD168)
[LOG] SoundI::release                          :     813444__luisa_sanchez__boiling-pot (0000028E3799DDE8)
[LOG] SystemI::createSound                     : filename = ../../../../Desktop/Trabajos/carrera ingenieria/7semestre/audio2/diseño sonoro/Examples/Build/Desktop/Master.bank : mode 02010082
[LOG] SystemI::createSound                     : FMOD_NONBLOCKING specified.  Putting into queue to be opened asynchronously!
[LOG] AsyncThread::add                         : add sound to async queue : soundi = 0000028E261BD598, queue head = 0000028E33E7E568, queue count = 0
[LOG] AsyncThread::threadFunc                  : Starting Asynchronous operation on sound 0000028E261BD598
[LOG] SystemI::createSoundInternal             :     Create name='../../../../Desktop/Trabajos/carrera ingenieria/7semestre/audio2/diseño sonoro/Examples/Build/Desktop/Master.bank', mode=0x02010082
[LOG] SystemI::createSoundInternal             :     exinfo->cbsize             = 224
[LOG] SystemI::createSoundInternal             :     exinfo->length             = 28790208
[LOG] SystemI::createSoundInternal             :     exinfo->fileoffset         = 18528
[LOG] SystemI::createSoundInternal             :     exinfo->numsubsounds       = 1
[LOG] SystemI::createSoundInternal             :     exinfo->inclusionlist      = 0000028E316FA7E0
[LOG] SystemI::createSoundInternal             :     exinfo->inclusionlistnum   = 1
[LOG] SystemI::createSoundInternal             :     exinfo->suggestedsoundtype = 5
[LOG] SystemI::createSoundInternal             :     exinfo->initialseekpostype = 1
[LOG] SystemI::createSoundInternal             :     Stream 0/1: name='635303__marianasmora8__burbujas-electronicas2', format=5, channels=2, frequency=48000, lengthbytes=119552, lengthpcm=993280, pcmblocksize=0, loopstart=0, loopend=0, mode=0x00000000, channelmask=0x00000000, channelorder=0, peakvolume=0.077026.
[LOG] AsyncThread::threadFunc                  : Finished Asynchronous operation on sound 0000028E261BD598
[LOG] SoundI::release                          : 635303__marianasmora8__burbujas-electronicas2 (0000028DFA20C918)
[LOG] SoundI::release                          :     635303__marianasmora8__burbujas-electronicas2 (0000028E3799D5C8)
[LOG] SoundI::release                          :     635303__marianasmora8__burbujas-electronicas2 (0000028CD9487C88)
[LOG] SoundI::release                          : 635303__marianasmora8__burbujas-electronicas2 (0000028E261BD598)
[LOG] SoundI::release                          :     635303__marianasmora8__burbujas-electronicas2 (0000028E37FFCFE8)
[LOG] SoundI::release                          :     635303__marianasmora8__burbujas-electronicas2 (0000028E367638D8)
[LOG] SystemI::createSound                     : filename = ../../../../Desktop/Trabajos/carrera ingenieria/7semestre/audio2/diseño sonoro/Examples/Build/Desktop/Master.bank : mode 02010082
[LOG] SystemI::createSound                     : FMOD_NONBLOCKING specified.  Putting into queue to be opened asynchronously!
[LOG] AsyncThread::add                         : add sound to async queue : soundi = 0000028E37C0E3F8, queue head = 0000028E33E7E568, queue count = 0
[LOG] SystemI::createSound                     : filename = ../../../../Desktop/Trabajos/carrera ingenieria/7semestre/audio2/diseño sonoro/Examples/Build/Desktop/Master.bank : mode 02010082
[LOG] AsyncThread::threadFunc                  : Starting Asynchronous operation on sound 0000028E37C0E3F8
[LOG] SystemI::createSound                     : FMOD_NONBLOCKING specified.  Putting into queue to be opened asynchronously!
[LOG] SystemI::createSoundInternal             :     Create name='../../../../Desktop/Trabajos/carrera ingenieria/7semestre/audio2/diseño sonoro/Examples/Build/Desktop/Master.bank', mode=0x02010082
[LOG] AsyncThread::add                         :     add sound to async queue : soundi = 0000028E37C0E5A8, queue head = 0000028E33E7E568, queue count = 0
[LOG] SystemI::createSoundInternal             :     exinfo->cbsize             = 224
[LOG] SystemI::createSound                     :     filename = ../../../../Desktop/Trabajos/carrera ingenieria/7semestre/audio2/diseño sonoro/Examples/Build/Desktop/Master.bank : mode 02010082
[LOG] SystemI::createSoundInternal             :     exinfo->length             = 28790208
[LOG] SystemI::createSound                     :     FMOD_NONBLOCKING specified.  Putting into queue to be opened asynchronously!
[LOG] SystemI::createSoundInternal             :     exinfo->fileoffset         = 18528
[LOG] AsyncThread::add                         :     add sound to async queue : soundi = 0000028E37C0E758, queue head = 0000028E33E7E568, queue count = 1
[LOG] SystemI::createSoundInternal             :     exinfo->numsubsounds       = 1
[LOG] SystemI::createSoundInternal             :     exinfo->inclusionlist      = 0000028D911256C0
[LOG] SystemI::createSoundInternal             :     exinfo->inclusionlistnum   = 1
[LOG] SystemI::createSoundInternal             :     exinfo->suggestedsoundtype = 5
[LOG] SystemI::createSoundInternal             :     exinfo->initialseekpostype = 1
[LOG] SystemI::createSoundInternal             :     Stream 0/1: name='635303__marianasmora8__burbujas-electronicas2', format=5, channels=2, frequency=48000, lengthbytes=119552, lengthpcm=993280, pcmblocksize=0, loopstart=0, loopend=0, mode=0x00000000, channelmask=0x00000000, channelorder=0, peakvolume=0.077026.
[LOG] AsyncThread::threadFunc                  : Finished Asynchronous operation on sound 0000028E37C0E3F8
[LOG] AsyncThread::threadFunc                  : Starting Asynchronous operation on sound 0000028E37C0E5A8
[LOG] SystemI::createSoundInternal             :     Create name='../../../../Desktop/Trabajos/carrera ingenieria/7semestre/audio2/diseño sonoro/Examples/Build/Desktop/Master.bank', mode=0x02010082
[LOG] SystemI::createSoundInternal             :     exinfo->cbsize             = 224
[LOG] SystemI::createSoundInternal             :     exinfo->length             = 28790208
[LOG] SystemI::createSoundInternal             :     exinfo->fileoffset         = 18528
[LOG] SystemI::createSoundInternal             :     exinfo->numsubsounds       = 1
[LOG] SystemI::createSoundInternal             :     exinfo->inclusionlist      = 0000028D91125300
[LOG] SystemI::createSoundInternal             :     exinfo->inclusionlistnum   = 1
[LOG] SystemI::createSoundInternal             :     exinfo->suggestedsoundtype = 5
[LOG] SystemI::createSoundInternal             :     exinfo->initialseekpostype = 1
[LOG] SystemI::createSoundInternal             :     Stream 0/1: name='847111__tsp-talk__altenthann-midday-rural-village-ambience-with-birds-children-distant-traffic-aircraft-events-03-mar-2026-260303_001', format=5, channels=2, frequency=48000, lengthbytes=26354112, lengthpcm=97105286, pcmblocksize=0, loopstart=0, loopend=0, mode=0x00000000, channelmask=0x00000000, channelorder=0, peakvolume=0.891251.
[LOG] AsyncThread::threadFunc                  : Finished Asynchronous operation on sound 0000028E37C0E5A8
[LOG] AsyncThread::threadFunc                  : Starting Asynchronous operation on sound 0000028E37C0E758
[LOG] SystemI::createSoundInternal             :     Create name='../../../../Desktop/Trabajos/carrera ingenieria/7semestre/audio2/diseño sonoro/Examples/Build/Desktop/Master.bank', mode=0x02010082
[LOG] SystemI::createSoundInternal             :     exinfo->cbsize             = 224
[LOG] SystemI::createSoundInternal             :     exinfo->length             = 28790208
[LOG] SystemI::createSoundInternal             :     exinfo->fileoffset         = 18528
[LOG] SystemI::createSoundInternal             :     exinfo->numsubsounds       = 1
[LOG] SystemI::createSoundInternal             :     exinfo->inclusionlist      = 0000028D91125BC0
[LOG] SystemI::createSoundInternal             :     exinfo->inclusionlistnum   = 1
[LOG] SystemI::createSoundInternal             :     exinfo->suggestedsoundtype = 5
[LOG] SystemI::createSoundInternal             :     exinfo->initialseekpostype = 1
[LOG] SystemI::createSoundInternal             :     Stream 0/1: name='365712__mc_minnaar__ambiance-inside-car', format=5, channels=2, frequency=48000, lengthbytes=1069664, lengthpcm=5869556, pcmblocksize=0, loopstart=0, loopend=0, mode=0x00000000, channelmask=0x00000000, channelorder=0, peakvolume=0.325095.
[LOG] AsyncThread::threadFunc                  : Finished Asynchronous operation on sound 0000028E37C0E758
[LOG] SoundI::release                          : 350677__dominik_w__car-race-nordschleife-vln-several-cars-passing-by-tyre-squeal-02 (0000028E380D0B48)
[LOG] SoundI::release                          :     350677__dominik_w__car-race-nordschleife-vln-several-cars-passing-by-tyre-squeal-02 (0000028E386F4BF8)
[LOG] SoundI::release                          :     350677__dominik_w__car-race-nordschleife-vln-several-cars-passing-by-tyre-squeal-02 (0000028DFA210E58)
[LOG] SoundI::release                          : 350677__dominik_w__car-race-nordschleife-vln-several-cars-passing-by-tyre-squeal-02 (0000028DFA20C5B8)
[LOG] SoundI::release                          :     350677__dominik_w__car-race-nordschleife-vln-several-cars-passing-by-tyre-squeal-02 (0000028D6C329098)
[LOG] SoundI::release                          :     350677__dominik_w__car-race-nordschleife-vln-several-cars-passing-by-tyre-squeal-02 (0000028DFA210798)
[LOG] SoundI::release                          : 365712__mc_minnaar__ambiance-inside-car (0000028D8FA3F3A8)
[LOG] SoundI::release                          :     365712__mc_minnaar__ambiance-inside-car (0000028E2CD63998)
[LOG] SoundI::release                          :     365712__mc_minnaar__ambiance-inside-car (0000028CD9487928)
[LOG] SoundI::release                          : 847111__tsp-talk__altenthann-midday-rural-village-ambience-with-birds-children-distant-traffic-aircraft-events-03-mar-2026-260303_001 (0000028D8FA3F708)
[LOG] SoundI::release                          :     847111__tsp-talk__altenthann-midday-rural-village-ambience-with-birds-children-distant-traffic-aircraft-events-03-mar-2026-260303_001 (0000028E2CD63178)
[LOG] SoundI::release                          :     847111__tsp-talk__altenthann-midday-rural-village-ambience-with-birds-children-distant-traffic-aircraft-events-03-mar-2026-260303_001 (0000028CD9487778)
[LOG] SystemI::createSound                     : filename = ../../../../Desktop/Trabajos/carrera ingenieria/7semestre/audio2/diseño sonoro/Examples/Build/Desktop/Master.bank : mode 02010082
[LOG] SystemI::createSound                     : FMOD_NONBLOCKING specified.  Putting into queue to be opened asynchronously!
[LOG] AsyncThread::add                         : add sound to async queue : soundi = 0000028E37C0EE18, queue head = 0000028E33E7E568, queue count = 0
[LOG] SystemI::createSound                     : filename = ../../../../Desktop/Trabajos/carrera ingenieria/7semestre/audio2/diseño sonoro/Examples/Build/Desktop/Master.bank : mode 02010082
[LOG] AsyncThread::threadFunc                  : Starting Asynchronous operation on sound 0000028E37C0EE18
[LOG] SystemI::createSoundInternal             :     Create name='../../../../Desktop/Trabajos/carrera ingenieria/7semestre/audio2/diseño sonoro/Examples/Build/Desktop/Master.bank', mode=0x02010082
[LOG] SystemI::createSound                     : FMOD_NONBLOCKING specified.  Putting into queue to be opened asynchronously!
[LOG] SystemI::createSoundInternal             :     exinfo->cbsize             = 224
[LOG] SystemI::createSoundInternal             :     exinfo->length             = 28790208
[LOG] AsyncThread::add                         :     add sound to async queue : soundi = 0000028E37E543F8, queue head = 0000028E33E7E568, queue count = 0
[LOG] SystemI::createSoundInternal             :     exinfo->fileoffset         = 18528
[LOG] SystemI::createSoundInternal             :     exinfo->numsubsounds       = 1
[LOG] SystemI::createSoundInternal             :     exinfo->inclusionlist      = 0000028D91125E40
[LOG] SystemI::createSoundInternal             :     exinfo->inclusionlistnum   = 1
[LOG] SystemI::createSoundInternal             :     exinfo->suggestedsoundtype = 5
[LOG] SystemI::createSoundInternal             :     exinfo->initialseekpostype = 1
[LOG] SystemI::createSoundInternal             :     Stream 0/1: name='350677__dominik_w__car-race-nordschleife-vln-several-cars-passing-by-tyre-squeal-02', format=5, channels=2, frequency=48000, lengthbytes=1228192, lengthpcm=5225362, pcmblocksize=0, loopstart=0, loopend=0, mode=0x00000000, channelmask=0x00000000, channelorder=0, peakvolume=0.335602.
[LOG] AsyncThread::threadFunc                  : Finished Asynchronous operation on sound 0000028E37C0EE18
[LOG] AsyncThread::threadFunc                  : Starting Asynchronous operation on sound 0000028E37E543F8
[LOG] SystemI::createSoundInternal             :     Create name='../../../../Desktop/Trabajos/carrera ingenieria/7semestre/audio2/diseño sonoro/Examples/Build/Desktop/Master.bank', mode=0x02010082
[LOG] SystemI::createSoundInternal             :     exinfo->cbsize             = 224
[LOG] SystemI::createSoundInternal             :     exinfo->length             = 28790208
[LOG] SystemI::createSoundInternal             :     exinfo->fileoffset         = 18528
[LOG] SystemI::createSoundInternal             :     exinfo->numsubsounds       = 1
[LOG] SystemI::createSoundInternal             :     exinfo->inclusionlist      = 0000028E2CD630A0
[LOG] SystemI::createSoundInternal             :     exinfo->inclusionlistnum   = 1
[LOG] SystemI::createSoundInternal             :     exinfo->suggestedsoundtype = 5
[LOG] SystemI::createSoundInternal             :     exinfo->initialseekpostype = 1
[LOG] SystemI::createSoundInternal             :     Stream 0/1: name='350677__dominik_w__car-race-nordschleife-vln-several-cars-passing-by-tyre-squeal-02', format=5, channels=2, frequency=48000, lengthbytes=1228192, lengthpcm=5225362, pcmblocksize=0, loopstart=0, loopend=0, mode=0x00000000, channelmask=0x00000000, channelorder=0, peakvolume=0.335602.
[LOG] AsyncThread::threadFunc                  : Finished Asynchronous operation on sound 0000028E37E543F8
[LOG] SystemI::createSound                     : filename = ../../../../Desktop/Trabajos/carrera ingenieria/7semestre/audio2/diseño sonoro/Examples/Build/Desktop/Master.bank : mode 02010082
[LOG] SystemI::createSound                     : FMOD_NONBLOCKING specified.  Putting into queue to be opened asynchronously!
[LOG] AsyncThread::add                         : add sound to async queue : soundi = 0000028E261BD598, queue head = 0000028E33E7E568, queue count = 0
[LOG] AsyncThread::threadFunc                  : Starting Asynchronous operation on sound 0000028E261BD598
[LOG] SystemI::createSoundInternal             :     Create name='../../../../Desktop/Trabajos/carrera ingenieria/7semestre/audio2/diseño sonoro/Examples/Build/Desktop/Master.bank', mode=0x02010082
[LOG] SystemI::createSoundInternal             :     exinfo->cbsize             = 224
[LOG] SystemI::createSoundInternal             :     exinfo->length             = 28790208
[LOG] SystemI::createSoundInternal             :     exinfo->fileoffset         = 18528
[LOG] SystemI::createSoundInternal             :     exinfo->numsubsounds       = 1
[LOG] SystemI::createSoundInternal             :     exinfo->inclusionlist      = 0000028E316FA2E0
[LOG] SystemI::createSoundInternal             :     exinfo->inclusionlistnum   = 1
[LOG] SystemI::createSoundInternal             :     exinfo->suggestedsoundtype = 5
[LOG] SystemI::createSoundInternal             :     exinfo->initialseekpostype = 1
[LOG] SystemI::createSoundInternal             :     Stream 0/1: name='635303__marianasmora8__burbujas-electronicas2', format=5, channels=2, frequency=48000, lengthbytes=119552, lengthpcm=993280, pcmblocksize=0, loopstart=0, loopend=0, mode=0x00000000, channelmask=0x00000000, channelorder=0, peakvolume=0.077026.
[LOG] AsyncThread::threadFunc                  : Finished Asynchronous operation on sound 0000028E261BD598
[LOG] SoundI::release                          : 635303__marianasmora8__burbujas-electronicas2 (0000028E37C0E3F8)
[LOG] SoundI::release                          :     635303__marianasmora8__burbujas-electronicas2 (0000028E380CA678)
[LOG] SoundI::release                          :     635303__marianasmora8__burbujas-electronicas2 (0000028D8F50CC38)
[LOG] SoundI::release                          : 635303__marianasmora8__burbujas-electronicas2 (0000028E261BD598)
[LOG] SoundI::release                          :     635303__marianasmora8__burbujas-electronicas2 (0000028E316F6C28)
[LOG] SoundI::release                          :     635303__marianasmora8__burbujas-electronicas2 (0000028DFA20C5B8)
[LOG] SystemI::createSound                     : filename = ../../../../Desktop/Trabajos/carrera ingenieria/7semestre/audio2/diseño sonoro/Examples/Build/Desktop/Master.bank : mode 02010082
[LOG] SystemI::createSound                     : FMOD_NONBLOCKING specified.  Putting into queue to be opened asynchronously!
[LOG] AsyncThread::add                         : add sound to async queue : soundi = 0000028D8FA3F708, queue head = 0000028E33E7E568, queue count = 0
[LOG] SystemI::createSound                     : filename = ../../../../Desktop/Trabajos/carrera ingenieria/7semestre/audio2/diseño sonoro/Examples/Build/Desktop/Master.bank : mode 02010082
[LOG] SystemI::createSound                     : FMOD_NONBLOCKING specified.  Putting into queue to be opened asynchronously!
[LOG] AsyncThread::threadFunc                  : Starting Asynchronous operation on sound 0000028D8FA3F708
[LOG] AsyncThread::add                         : add sound to async queue : soundi = 0000028E380D1718, queue head = 0000028E33E7E568, queue count = 0
[LOG] SystemI::createSoundInternal             :     Create name='../../../../Desktop/Trabajos/carrera ingenieria/7semestre/audio2/diseño sonoro/Examples/Build/Desktop/Master.bank', mode=0x02010082
[LOG] SystemI::createSound                     :     filename = ../../../../Desktop/Trabajos/carrera ingenieria/7semestre/audio2/diseño sonoro/Examples/Build/Desktop/Master.bank : mode 02010082
[LOG] SystemI::createSoundInternal             :     exinfo->cbsize             = 224
[LOG] SystemI::createSound                     :     FMOD_NONBLOCKING specified.  Putting into queue to be opened asynchronously!
[LOG] SystemI::createSoundInternal             :     exinfo->length             = 28790208
[LOG] AsyncThread::add                         :     add sound to async queue : soundi = 0000028E380D18C8, queue head = 0000028E33E7E568, queue count = 1
[LOG] SystemI::createSoundInternal             :     exinfo->fileoffset         = 18528
[LOG] SystemI::createSoundInternal             :     exinfo->numsubsounds       = 1
[LOG] SystemI::createSoundInternal             :     exinfo->inclusionlist      = 0000028E34FBE340
[LOG] SystemI::createSoundInternal             :     exinfo->inclusionlistnum   = 1
[LOG] SystemI::createSoundInternal             :     exinfo->suggestedsoundtype = 5
[LOG] SystemI::createSoundInternal             :     exinfo->initialseekpostype = 1
[LOG] SystemI::createSound                     :     filename = ../../../../Desktop/Trabajos/carrera ingenieria/7semestre/audio2/diseño sonoro/Examples/Build/Desktop/Music.bank : mode 02010082
[LOG] SystemI::createSound                     :     FMOD_NONBLOCKING specified.  Putting into queue to be opened asynchronously!
[LOG] AsyncThread::add                         :     add sound to async queue : soundi = 0000028D6B7DB5F8, queue head = 0000028E33E7E568, queue count = 2
[LOG] SystemI::createSoundInternal             :     Stream 0/1: name='635303__marianasmora8__burbujas-electronicas2', format=5, channels=2, frequency=48000, lengthbytes=119552, lengthpcm=993280, pcmblocksize=0, loopstart=0, loopend=0, mode=0x00000000, channelmask=0x00000000, channelorder=0, peakvolume=0.077026.
[LOG] AsyncThread::threadFunc                  : Finished Asynchronous operation on sound 0000028D8FA3F708
[LOG] AsyncThread::threadFunc                  : Starting Asynchronous operation on sound 0000028E380D1718
[LOG] SystemI::createSoundInternal             :     Create name='../../../../Desktop/Trabajos/carrera ingenieria/7semestre/audio2/diseño sonoro/Examples/Build/Desktop/Master.bank', mode=0x02010082
[LOG] SystemI::createSoundInternal             :     exinfo->cbsize             = 224
[LOG] SystemI::createSoundInternal             :     exinfo->length             = 28790208
[LOG] SystemI::createSoundInternal             :     exinfo->fileoffset         = 18528
[LOG] SystemI::createSoundInternal             :     exinfo->numsubsounds       = 1
[LOG] SystemI::createSoundInternal             :     exinfo->inclusionlist      = 0000028E34FBDBC0
[LOG] SystemI::createSoundInternal             :     exinfo->inclusionlistnum   = 1
[LOG] SystemI::createSoundInternal             :     exinfo->suggestedsoundtype = 5
[LOG] SystemI::createSoundInternal             :     exinfo->initialseekpostype = 1
[LOG] SystemI::createSoundInternal             :     Stream 0/1: name='847111__tsp-talk__altenthann-midday-rural-village-ambience-with-birds-children-distant-traffic-aircraft-events-03-mar-2026-260303_001', format=5, channels=2, frequency=48000, lengthbytes=26354112, lengthpcm=97105286, pcmblocksize=0, loopstart=0, loopend=0, mode=0x00000000, channelmask=0x00000000, channelorder=0, peakvolume=0.891251.
[LOG] AsyncThread::threadFunc                  : Finished Asynchronous operation on sound 0000028E380D1718
[LOG] AsyncThread::threadFunc                  : Starting Asynchronous operation on sound 0000028E380D18C8
[LOG] SystemI::createSoundInternal             :     Create name='../../../../Desktop/Trabajos/carrera ingenieria/7semestre/audio2/diseño sonoro/Examples/Build/Desktop/Master.bank', mode=0x02010082
[LOG] SystemI::createSoundInternal             :     exinfo->cbsize             = 224
[LOG] SystemI::createSoundInternal             :     exinfo->length             = 28790208
[LOG] SystemI::createSoundInternal             :     exinfo->fileoffset         = 18528
[LOG] SystemI::createSoundInternal             :     exinfo->numsubsounds       = 1
[LOG] SystemI::createSoundInternal             :     exinfo->inclusionlist      = 0000028E34FBD800
[LOG] SystemI::createSoundInternal             :     exinfo->inclusionlistnum   = 1
[LOG] SystemI::createSoundInternal             :     exinfo->suggestedsoundtype = 5
[LOG] SystemI::createSoundInternal             :     exinfo->initialseekpostype = 1
[LOG] SystemI::createSoundInternal             :     Stream 0/1: name='365712__mc_minnaar__ambiance-inside-car', format=5, channels=2, frequency=48000, lengthbytes=1069664, lengthpcm=5869556, pcmblocksize=0, loopstart=0, loopend=0, mode=0x00000000, channelmask=0x00000000, channelorder=0, peakvolume=0.325095.
[LOG] AsyncThread::threadFunc                  : Finished Asynchronous operation on sound 0000028E380D18C8
[LOG] AsyncThread::threadFunc                  : Starting Asynchronous operation on sound 0000028D6B7DB5F8
[LOG] SystemI::createSoundInternal             :     Create name='../../../../Desktop/Trabajos/carrera ingenieria/7semestre/audio2/diseño sonoro/Examples/Build/Desktop/Music.bank', mode=0x02010082
[LOG] SystemI::createSoundInternal             :     exinfo->cbsize             = 224
[LOG] SystemI::createSoundInternal             :     exinfo->length             = 2531680
[LOG] SystemI::createSoundInternal             :     exinfo->fileoffset         = 7072
[LOG] SystemI::createSoundInternal             :     exinfo->numsubsounds       = 1
[LOG] SystemI::createSoundInternal             :     exinfo->inclusionlist      = 0000028D910C0AA0
[LOG] SystemI::createSoundInternal             :     exinfo->inclusionlistnum   = 1
[LOG] SystemI::createSoundInternal             :     exinfo->suggestedsoundtype = 5
[LOG] SystemI::createSoundInternal             :     exinfo->initialseekpostype = 1
[LOG] SystemI::createSoundInternal             :     Stream 0/1: name='614096__zhr__calm-emtim-bell-music', format=5, channels=2, frequency=48000, lengthbytes=728288, lengthpcm=2805120, pcmblocksize=0, loopstart=0, loopend=0, mode=0x00000000, channelmask=0x00000000, channelorder=0, peakvolume=0.134583.
[LOG] AsyncThread::threadFunc                  : Finished Asynchronous operation on sound 0000028D6B7DB5F8
[LOG] SystemI::createSound                     : filename = ../../../../Desktop/Trabajos/carrera ingenieria/7semestre/audio2/diseño sonoro/Examples/Build/Desktop/Master.bank : mode 02010082
[LOG] SystemI::createSound                     : FMOD_NONBLOCKING specified.  Putting into queue to be opened asynchronously!
[LOG] AsyncThread::add                         : add sound to async queue : soundi = 0000028E2590A598, queue head = 0000028E33E7E568, queue count = 0
[LOG] AsyncThread::threadFunc                  : Starting Asynchronous operation on sound 0000028E2590A598
[LOG] SystemI::createSound                     : filename = ../../../../Desktop/Trabajos/carrera ingenieria/7semestre/audio2/diseño sonoro/Examples/Build/Desktop/Master.bank : mode 02010082
[LOG] SystemI::createSound                     :     FMOD_NONBLOCKING specified.  Putting into queue to be opened asynchronously!
[LOG] SystemI::createSoundInternal             :     Create name='../../../../Desktop/Trabajos/carrera ingenieria/7semestre/audio2/diseño sonoro/Examples/Build/Desktop/Master.bank', mode=0x02010082
[LOG] AsyncThread::add                         :     add sound to async queue : soundi = 0000028E37B04DC8, queue head = 0000028E33E7E568, queue count = 0
[LOG] SystemI::createSoundInternal             :     exinfo->cbsize             = 224
[LOG] SystemI::createSoundInternal             :     exinfo->length             = 28790208
[LOG] SystemI::createSoundInternal             :     exinfo->fileoffset         = 18528
[LOG] SystemI::createSoundInternal             :     exinfo->numsubsounds       = 1
[LOG] SystemI::createSoundInternal             :     exinfo->inclusionlist      = 0000028D910C3CA0
[LOG] SystemI::createSoundInternal             :     exinfo->inclusionlistnum   = 1
[LOG] SystemI::createSoundInternal             :     exinfo->suggestedsoundtype = 5
[LOG] SystemI::createSoundInternal             :     exinfo->initialseekpostype = 1
[LOG] SystemI::createSoundInternal             :     Stream 0/1: name='350677__dominik_w__car-race-nordschleife-vln-several-cars-passing-by-tyre-squeal-02', format=5, channels=2, frequency=48000, lengthbytes=1228192, lengthpcm=5225362, pcmblocksize=0, loopstart=0, loopend=0, mode=0x00000000, channelmask=0x00000000, channelorder=0, peakvolume=0.335602.
[LOG] AsyncThread::threadFunc                  : Finished Asynchronous operation on sound 0000028E2590A598
[LOG] AsyncThread::threadFunc                  : Starting Asynchronous operation on sound 0000028E37B04DC8
[LOG] SystemI::createSoundInternal             :     Create name='../../../../Desktop/Trabajos/carrera ingenieria/7semestre/audio2/diseño sonoro/Examples/Build/Desktop/Master.bank', mode=0x02010082
[LOG] SystemI::createSoundInternal             :     exinfo->cbsize             = 224
[LOG] SystemI::createSoundInternal             :     exinfo->length             = 28790208
[LOG] SystemI::createSoundInternal             :     exinfo->fileoffset         = 18528
[LOG] SystemI::createSoundInternal             :     exinfo->numsubsounds       = 1
[LOG] SystemI::createSoundInternal             :     exinfo->inclusionlist      = 0000028D910C0960
[LOG] SystemI::createSoundInternal             :     exinfo->inclusionlistnum   = 1
[LOG] SystemI::createSoundInternal             :     exinfo->suggestedsoundtype = 5
[LOG] SystemI::createSoundInternal             :     exinfo->initialseekpostype = 1
[LOG] SystemI::createSoundInternal             :     Stream 0/1: name='350677__dominik_w__car-race-nordschleife-vln-several-cars-passing-by-tyre-squeal-02', format=5, channels=2, frequency=48000, lengthbytes=1228192, lengthpcm=5225362, pcmblocksize=0, loopstart=0, loopend=0, mode=0x00000000, channelmask=0x00000000, channelorder=0, peakvolume=0.335602.
[LOG] AsyncThread::threadFunc                  : Finished Asynchronous operation on sound 0000028E37B04DC8
[LOG] SoundI::release                          :  (0000028E341CD728)
[LOG] SoundI::release                          :     768640__qopsinonstudios__toyota-altezza-lexus-is200-1g-fe-cold-start-idle-loop (0000028E3799DF88)
[LOG] SoundI::release                          : 614096__zhr__calm-emtim-bell-music (0000028D6B7DB5F8)
[LOG] SoundI::release                          :     614096__zhr__calm-emtim-bell-music (0000028E316F6C28)
[LOG] SoundI::release                          :     614096__zhr__calm-emtim-bell-music (0000028D6CF68888)
[LOG] SoundI::release                          : 350677__dominik_w__car-race-nordschleife-vln-several-cars-passing-by-tyre-squeal-02 (0000028E37B04DC8)
[LOG] SoundI::release                          :     350677__dominik_w__car-race-nordschleife-vln-several-cars-passing-by-tyre-squeal-02 (0000028E387C0D48)
[LOG] SoundI::release                          :     350677__dominik_w__car-race-nordschleife-vln-several-cars-passing-by-tyre-squeal-02 (0000028D6CF68D98)
[LOG] SoundI::release                          : 350677__dominik_w__car-race-nordschleife-vln-several-cars-passing-by-tyre-squeal-02 (0000028E2590A598)
[LOG] SoundI::release                          :     350677__dominik_w__car-race-nordschleife-vln-several-cars-passing-by-tyre-squeal-02 (0000028E316F6268)
[LOG] SoundI::release                          :     350677__dominik_w__car-race-nordschleife-vln-several-cars-passing-by-tyre-squeal-02 (0000028D6CF68A38)
[LOG] SoundI::release                          : 365712__mc_minnaar__ambiance-inside-car (0000028E380D18C8)
[LOG] SoundI::release                          :     365712__mc_minnaar__ambiance-inside-car (0000028E316F6A88)
[LOG] SoundI::release                          :     365712__mc_minnaar__ambiance-inside-car (0000028D6CF68BE8)
[LOG] SoundI::release                          : 847111__tsp-talk__altenthann-midday-rural-village-ambience-with-birds-children-distant-traffic-aircraft-events-03-mar-2026-260303_001 (0000028E380D1718)
[LOG] SoundI::release                          :     847111__tsp-talk__altenthann-midday-rural-village-ambience-with-birds-children-distant-traffic-aircraft-events-03-mar-2026-260303_001 (0000028E316F68E8)
[LOG] SoundI::release                          :     847111__tsp-talk__altenthann-midday-rural-village-ambience-with-birds-children-distant-traffic-aircraft-events-03-mar-2026-260303_001 (0000028D669903E8)
[LOG] SoundI::release                          : 635303__marianasmora8__burbujas-electronicas2 (0000028D8FA3F708)
[LOG] SoundI::release                          :     635303__marianasmora8__burbujas-electronicas2 (0000028E316F60C8)
[LOG] SoundI::release                          :     635303__marianasmora8__burbujas-electronicas2 (0000028D66990238)
[LOG] SoundI::release                          : 350677__dominik_w__car-race-nordschleife-vln-several-cars-passing-by-tyre-squeal-02 (0000028E37E543F8)
[LOG] SoundI::release                          :     350677__dominik_w__car-race-nordschleife-vln-several-cars-passing-by-tyre-squeal-02 (0000028E380C9808)
[LOG] SoundI::release                          :     350677__dominik_w__car-race-nordschleife-vln-several-cars-passing-by-tyre-squeal-02 (0000028E3690FBB8)
[LOG] SoundI::release                          : 350677__dominik_w__car-race-nordschleife-vln-several-cars-passing-by-tyre-squeal-02 (0000028E37C0EE18)
[LOG] SoundI::release                          :     350677__dominik_w__car-race-nordschleife-vln-several-cars-passing-by-tyre-squeal-02 (0000028E380C8FE8)
[LOG] SoundI::release                          :     350677__dominik_w__car-race-nordschleife-vln-several-cars-passing-by-tyre-squeal-02 (0000028E36910428)
[LOG] SoundI::release                          : 365712__mc_minnaar__ambiance-inside-car (0000028E37C0E758)
[LOG] SoundI::release                          :     365712__mc_minnaar__ambiance-inside-car (0000028E380C9668)
[LOG] SoundI::release                          :     365712__mc_minnaar__ambiance-inside-car (0000028D8F50CA88)
[LOG] SoundI::release                          : 847111__tsp-talk__altenthann-midday-rural-village-ambience-with-birds-children-distant-traffic-aircraft-events-03-mar-2026-260303_001 (0000028E37C0E5A8)
[LOG] SoundI::release                          :     847111__tsp-talk__altenthann-midday-rural-village-ambience-with-birds-children-distant-traffic-aircraft-events-03-mar-2026-260303_001 (0000028E380C8CA8)
[LOG] SoundI::release                          :     847111__tsp-talk__altenthann-midday-rural-village-ambience-with-birds-children-distant-traffic-aircraft-events-03-mar-2026-260303_001 (0000028D8F50C8D8)
[LOG] SoundI::release                          :  (0000028DFBD095E8)
[LOG] SoundI::release                          :     812329__thesoundlibrary__victo (0000028E380CA338)
[LOG] SoundI::release                          :  (0000028D6691F1D8)
[LOG] SoundI::release                          :     757182__henkonen__button-yes (0000028E35E91D68)
[LOG] SoundI::release                          :  (0000028D6B916208)
[LOG] SoundI::release                          :     446142__justinvoke__race-start (0000028E380A7398)
[LOG] SoundI::release                          :  (0000028D6B916098)
[LOG] SoundI::release                          :     fx_countdown (0000028E380A6838)
[LOG] SoundI::release                          :  (0000028E341CD448)
[LOG] SoundI::release                          :     571510__kagateni__cancel (0000028E3799DAA8)
[LOG] SoundI::release                          :  (0000028D6B916AA8)
[LOG] SoundI::release                          :     fx (0000028E380A7058)
[LOG] SoundI::release                          :  (0000028D6B916658)
[LOG] SoundI::release                          :     fx_arranque (0000028E380A6B78)
[LOG] SoundI::release                          :  (0000028DFBD09478)
[LOG] SoundI::release                          :     Choques (0000028E380CA818)
[LOG] SoundI::release                          :  (0000028DFB7D3458)
[LOG] SoundI::release                          :     inicio_carrera (0000028E267B7D98)
[LOG] Thread::callback                         : FMOD Studio update thread finished.
[LOG] Thread::callback                         : FMOD Studio bank load thread finished.
[LOG] Profile::disconnectAll                   : Profiler disconnecting all clients
[LOG] Thread::callback                         : FMOD Studio sample load thread finished.
[LOG] LiveUpdate::release                      : 
[LOG] LiveUpdate::reset                        : Reset connection (reason Disconnected)
[LOG] Thread::callback                         : FMOD stream thread finished.
[LOG] Thread::callback                         : FMOD mixer thread finished.
[LOG] Profile::disconnectAll                   : Profiler disconnecting all clients
[LOG] SystemI::close                           : Closed.
[ERR] assert                                   : assertion: 'gSystemInitCount == 0' failed
